// Jest Snapshot v1, https://goo.gl/fbAQLP

exports[`CommonPlaceholder.vue should match snapshot 1`] = `
<div title="bar"><img src="src/assets/task-icon.jpg" class="layout__icon">
  <h3>bar</h3>
</div>
`;
